########if else

if(condition){
   //body of if statement
}
else{
   //body of else statement
}

Example:
Enter your age and verify your aligible or not for election voting using if elese condition

[sashini@Sashini ~]$ vi ifelse.c

#include<stdio.h>
int main(){

int age;
printf("Enter your age: ");
scanf("%d",&age);
if(age>0 && age<100){
    if(age>=18){
        printf("You are aigible for election voting\n");
     }
    else{
        printf("You are not aigible for election voting\n");
    }
}
else{
printf("Invalid age\n");
}

return 0;
}

Output:-

[sashini@Sashini ~]$ gcc ifelse.c -o ifelse
[sashini@Sashini ~]$ ./ifelse
Enter your age: 18
You are aigible for election voting
[sashini@Sashini ~]$ ./ifelse
Enter your age: 25
You are aigible for election voting
[sashini@Sashini ~]$ ./ifelse
Enter your age: 16
You are not aigible for election voting
[sashini@Sashini ~]$ ./ifelse
Enter your age: -8
Invalid age
[sashini@Sashini ~]$ ./ifelse
Enter your age: 102
Invalid age


####Ternary Operator
test_condition ? expression1 : expression 2;

[sashini@Sashini ~]$ vi t_operator.c

#include<stdio.h>
int main(){

int age;
printf("Enter your age: ");
scanf("%d",&age);
(age>=18) ? printf("You are aigible for election voting\n"): printf("You are not aigible for election voting\n");
    
return 0;
}

Output:-

[sashini@Sashini ~]$ gcc t_operator.c -o t_operator
[sashini@Sashini ~]$ ./t_operator
Enter your age: 18
You are aigible for election voting
[sashini@Sashini ~]$ ./t_operator
Enter your age: 25
You are aigible for election voting
[sashini@Sashini ~]$ ./t_operator
Enter your age: 13
You are not aigible for election voting


##switch operator
switch(variable/expression){
    case 1:
	//body of case 1
	break;
	
	case 2:
	//body of case 2
	break;
	
	case n:
	//body of case n
	break;
	
	default:
	//body of default
	
}

Example 1:
Enter the value between 1 to 7 and create a program for following output
Enter the number between 1 to 7:1
Today is Sunday!

[sashini@Sashini ~]$ vi Example1.c

#include<stdio.h>
int main(){

int number;
printf("Enter the number between 1 to 7: ");
scanf("%d",&number);

switch(number){
    case 1:
	printf("Today is Sunday!\n");
	break;
	
	case 2:
	printf("Today is Monday!\n");
	break;
	
	case 3:
	printf("Today is Tuesday!\n");
	break;
	
	case 4:
	printf("Today is Wednesday!\n");
	break;
	
	case 5:
	printf("Today is Thursday!\n");
	break;
	
	case 6:
	printf("Today is Friday!\n");
	break;
	
	case 7:
	printf("Today is Saturday!\n");
	break;
	
	default:
	printf("Invalid number\n");
}

return 0;
}

Output:-

[sashini@Sashini ~]$ gcc Example1.c -o Example1
[sashini@Sashini ~]$ ./Example1
Enter the number between 1 to 7: 1
Today is Sunday!
[sashini@Sashini ~]$ ./Example1
Enter the number between 1 to 7: 0
Invalid number

//Example 2:
write a code for small astrology based on your life path number for that  get date of birth 
from user then calculate life path number.(use switch case)
output:
     case 1-Date: 23
	 case 2-Date: 29

     calculation for life path number:                    
			  a=date%10     3                                
			  b=date/10     2
			  c=a+b         5
	  if life path number :
			  1:Lucky
			  2:Carefuly do your work
			  3:Storger
			  4:Happy
			  5:Can get help
			  6:Doubt
			  7:Sad 
			  8:Like
			  9:Courage

[sashini@Sashini ~]$ vi Example2.c

#include<stdio.h>
int main(){
 int n;
 printf("Enter your birth date: ");
 scanf("%d",&n);
 
 int a=n%10;
 int b=n/10;
 int c=a+b;
 
 int x,y,z;
 
 if(c>9){
    x=c%10;
    y=c/10;
    z=x+y;
 }
 else{
   z=c;
 }
 
 switch(z){
 
      case 1:
	  printf("Lucky\n");
	  break;
	  
	  case 2:
	  printf("Carefuly do your work\n");
	  break;
	  
	  case 3:
	  printf("Storger\n");
	  break;

      case 4:
	  printf("Happy\n");
	  break;
	  
	  case 5:
	  printf("Can get help\n");
	  break;
	  
	  
	  case 6:
	  printf("Doubt\n");
	  break;
	  
	  case 7:
	  printf("Sad\n");
	  break;
	  
	  case 8:
	  printf("Like\n");
	  break;
	  
	  case 9:
	  printf("Courage\n");
	  break;
      
	  default:
	  printf("Invalid Index\n");
 }
return 0;
}

Output:-

[sashini@Sashini ~]$ gcc Example2.c -o Example2
[sashini@Sashini ~]$ ./Example2
Enter your birth date: 23
Can get help
[sashini@Sashini ~]$ ./Example2
Enter your birth date: 29
Carefuly do your work

//Example 3:

[sashini@Sashini ~]$ vi Example3.c
Give list of numbers then calculate the summation and multiplication using for loop.
 Example:-
    1 2 3 4 5                             
	summation = 15                         
    multiplication =120

#include <stdio.h>

int main() {
    int n, i;
    int sum = 0, product = 1;

    printf("Enter the number of elements: ");
    scanf("%d", &n);

    int numbers[n];

    printf("Enter %d integers:\n", n);
    for (i = 0; i < n; i++) {
        scanf("%d", &numbers[i]);
    }

    for (i = 0; i < n; i++) {
        sum += numbers[i];
        product *= numbers[i];
    }

    printf("Summation = %d\n", sum);
    printf("Multiplication = %d\n", product);

    return 0;
}

Output:-

[sashini@Sashini ~]$ gcc Example3.c -o Example3
[sashini@Sashini ~]$ ./Example3
Enter the number of elements: 5
Enter 5 integers:
1 2 3 4 5
Summation = 15
Multiplication = 120


//Example 4:
Print the integers from 1  to 10 using while loop.

[sashini@Sashini ~]$ vi Example4.c
#include <stdio.h>

int main() {
    int i = 1;

    while (i <= 10) {
        printf("%d\n", i);
        i++;
    }

Output:-

[sashini@Sashini ~]$ gcc Example4.c -o Example4
[sashini@Sashini ~]$ ./Example4
1
2
3
4
5
6
7
8
9
10

//Example 5:
Write a C program to generate and print the Fibonacci series up to a specified 
number of terms. The program should take the number of terms as input from the 
user and then display the corresponding Fibonacci sequence.


[sashini@Sashini ~]$ vi Fibonacci.c

#include<stdio.h>
int main(){

int number;
printf("Enter the number: ");
scanf("%d",&number);

int a=0;
int b=1;

for(int i=0;i<number;i++)
{
   printf("%d ",a);
   int c=a+b;
   a=b;
   b=c;
}

printf("\n");
return 0;
}

Output:-


[sashini@Sashini ~]$ gcc Fibonacci.c -o Fibonacci
[sashini@Sashini ~]$ ./Fibonacci
Enter the number: 5
0 1 1 2 3


//Example 6:
Write a C program to calculate the factorial of a given non-negative integer.

[sashini@Sashini ~]$ vi factorial.c

#include<stdio.h>
int main(){

int fact =1;

int number;
printf("Enter number: ");
scanf("%d",&number);

for(int i=1;i<=number;i++)
{
    fact = fact* i;
}
 

printf("Factorial is: %d ",fact);

printf("\n");
return 0;
}

Output:-

[sashini@Sashini ~]$ gcc factorial.c -o factorial
[sashini@Sashini ~]$ ./factorial
Enter number: 5
Factorial is: 120


//Example 7:
Write a C program that:
Accepts two strings as input from the user.
Concatenates the two strings Displays the concatenated result.

[sashini@Sashini ~]$ vi Example7.c

#include<stdio.h>
int main(){
        char str1[100],str2[100];
        printf("Enter string1: ");
        scanf("%s",&str1);
        printf("Enter string2: ");
        scanf("%s",&str2);
        printf("%s%s\n",str1,str2);
return 0;
}

Output:-
[sashini@Sashini ~]$ gcc Example7.c -o Example7
[sashini@Sashini ~]$ ./Example7
Enter string1: Hello
Enter string2: World
HelloWorld
[sashini@Sashini ~]$


Example 8:
Write a C program that takes a binary number (as an integer) as input and 
converts it to its decimal equivalent.

[sashini@Sashini ~]$ vi Example8.c

#include <stdio.h>

int main() {
    int binary,decimal = 0, base = 1, remainder;

    printf("Enter a binary number: ");
    scanf("%lld", &binary);


    while (binary > 0) {
        remainder = binary % 10;
        if (remainder != 0 && remainder != 1) {
            printf("Invalid binary number.\n");
            return 1;
        }
        decimal += remainder * base;
        binary /= 10;
        base *= 2;
    }

    printf("Decimal equivalent: %d\n", decimal);

    return 0;
}

Output:-

[sashini@Sashini ~]$ gcc Example8.c -o Example8
[sashini@Sashini ~]$ ./Example8
Enter a binary number: 1001
Decimal equivalent: 9


//Example 9:
Write a C program that:
Accepts an array of integers from the user.
Finds and displays the maximum and minimum values in the array.

[sashini@Sashini ~]$ vi Example9.c

#include <stdio.h>

int main() {
    int n, i, num;
    int max, min;

    printf("How many numbers? ");
    scanf("%d", &n);

    if (n <= 0) {
        printf("Invalid input.\n");
        return 1;
    }

    printf("Enter number 1: ");
    scanf("%d", &num);
    max = min = num;

    for (i = 2; i <= n; i++) {
        printf("Enter number %d: ", i);
        scanf("%d", &num);

        if (num > max)
            max = num;
        if (num < min)
            min = num;
    }

    printf("Maximum: %d\n", max);
    printf("Minimum: %d\n", min);

    return 0;
}


[sashini@Sashini ~]$ gcc Example9.c -o Example9
[sashini@Sashini ~]$ ./Example9
How many numbers? 6
Enter number 1: 4
Enter number 2: 2
Enter number 3: 8
Enter number 4: 45
Enter number 5: 6
Enter number 6: 25
Maximum: 45
Minimum: 2

Example 10:
C program to generate Pascal's Triangle.

[sashini@Sashini ~]$ vi Example10.c

#include <stdio.h>

int main() {
    int rows, i, j, num;

    printf("Enter number of rows: ");
    scanf("%d", &rows);

    for (i = 0; i < rows; i++) {
        num = 1;

       
        for (j = 0; j < rows - i - 1; j++)
            printf("  ");

        for (j = 0; j <= i; j++) {
            printf("%4d", num);
            num = num * (i - j) / (j + 1);
        }

        printf("\n");
    }

    return 0;
}


[sashini@Sashini ~]$ gcc Example10.c -o Example10
[sashini@Sashini ~]$ ./Example10
Enter number of rows: 5
           1
         1   1
       1   2   1
     1   3   3   1
   1   4   6   4   1


